时间: 2026-09-25 01:33:07
环境: WSL2 Ubuntu 24.04，12 vCPU / 5.8Gi 内存
优化项: TCP_NODELAY + 线程池 64 + listen backlog 1024

服务 PID=519

########## 1. 50 并发 ##########
--- 1.1  5000 请求 ---
Complete requests:      5000
Failed requests:        7
   (Connect: 0, Receive: 0, Length: 7, Exceptions: 0)
Requests per second:    942.59 [#/sec] (mean)
Time per request:       53.045 [ms] (mean)
Time per request:       1.061 [ms] (mean, across all concurrent requests)
  50%      1
  66%      1
  75%      1
  80%      1
  90%      3
  95%      3
  98%      3
  99%      3
 100%   5003 (longest request)

########## 2. 100 并发 ##########
--- 2.1  8000 请求 ---
Complete requests:      8000
Failed requests:        0
Requests per second:    9919.93 [#/sec] (mean)
Time per request:       10.081 [ms] (mean)
Time per request:       0.101 [ms] (mean, across all concurrent requests)
  50%      1
  66%      1
  75%      1
  80%      1
  90%      1
  95%      1
  98%      1
  99%      1
 100%     23 (longest request)

########## 3. 200 并发（连跑两次，验证可复现）##########
--- 3.1  10000 请求 ---
Complete requests:      10000
Failed requests:        0
Requests per second:    16137.70 [#/sec] (mean)
Time per request:       12.393 [ms] (mean)
Time per request:       0.062 [ms] (mean, across all concurrent requests)
  50%      1
  66%      1
  75%      1
  80%      1
  90%      1
  95%      2
  98%      2
  99%      8
 100%     36 (longest request)

--- 3.2  10000 请求（重复） ---
Complete requests:      10000
Failed requests:        97
   (Connect: 0, Receive: 0, Length: 97, Exceptions: 0)
Requests per second:    224.01 [#/sec] (mean)
Time per request:       892.819 [ms] (mean)
Time per request:       4.464 [ms] (mean, across all concurrent requests)
  50%      1
  66%      1
  75%      1
  80%     50
  90%     59
  95%     60
  98%     61
  99%   5010
 100%  44043 (longest request)

########## 4. 500 并发（压力上限）##########
--- 4.1  20000 请求 ---
Complete requests:      20000
Failed requests:        242
   (Connect: 0, Receive: 0, Length: 242, Exceptions: 0)
Requests per second:    182.63 [#/sec] (mean)
Time per request:       2737.732 [ms] (mean)
Time per request:       5.475 [ms] (mean, across all concurrent requests)
  50%      1
  66%      1
  75%      1
  80%     43
  90%     44
  95%     45
  98%   5003
  99%  21165
 100%  108427 (longest request)

########## 5. 对照：关闭 keep-alive ##########
--- 5.1  5000 请求（无 -k） ---
Complete requests:      5000
Failed requests:        0
Requests per second:    12144.82 [#/sec] (mean)
Time per request:       4.117 [ms] (mean)
Time per request:       0.082 [ms] (mean, across all concurrent requests)
  50%      1
  66%      1
  75%      1
  80%      1
  90%      1
  95%      2
  98%      2
  99%      3
 100%      9 (longest request)

########## 服务端日志 ##########
[2026-09-25 01:33:07] [info] campus-schedule v0.1.0 启动
[2026-09-25 01:33:07] [info] 配置: server=127.0.0.1:8080 db=campus@127.0.0.1:3306/campus_schedule pool=8
[2026-09-25 01:33:07] [info] MySQL 连接池就绪: 8 条连接 -> 127.0.0.1/campus_schedule
[2026-09-25 01:33:07] [info] HTTP 服务已启动: http://127.0.0.1:8080
[2026-09-25 01:33:07] [info] 试一下: curl http://127.0.0.1:8080/api/health

服务已停止
