时间: 2026-09-26 16:23:03
环境: 12 vCPU / 5.8Gi 内存
参数: 每轮 3000 请求 / 100 并发 / 4 轮

=========== A. 基线：复现问题（/api/courses，keep-alive）===========
服务 PID=486

########## A. 基线 /api/courses（keep-alive） ##########
    [第1轮开始前] 服务端线程=12     WSL内存 已用 995 MB / 可用 4929 MB
  第1轮                        QPS 8987.44   失败 0     P99 10      
    [第1轮结束后] 服务端线程=12     WSL内存 已用 1012 MB / 可用 4911 MB

    [第2轮开始前] 服务端线程=12     WSL内存 已用 1013 MB / 可用 4911 MB
  第2轮                        QPS 148.45    失败 42    P99 10036   
    [第2轮结束后] 服务端线程=12     WSL内存 已用 979 MB / 可用 4945 MB

    [第3轮开始前] 服务端线程=12     WSL内存 已用 980 MB / 可用 4944 MB
  第3轮                        QPS 153.05    失败 42    P99 9407    
    [第3轮结束后] 服务端线程=12     WSL内存 已用 978 MB / 可用 4946 MB

    [第4轮开始前] 服务端线程=12     WSL内存 已用 979 MB / 可用 4945 MB
  第4轮                        QPS 154.19    失败 44    P99 10039   
    [第4轮结束后] 服务端线程=12     WSL内存 已用 980 MB / 可用 4943 MB

=========== B. 排除数据库（/api/version，keep-alive）===========
########## B. 不碰数据库 /api/version ##########
    [第1轮开始前] 服务端线程=12     WSL内存 已用 981 MB / 可用 4943 MB
  第1轮                        QPS 149.36    失败 41    P99 10014   
    [第1轮结束后] 服务端线程=12     WSL内存 已用 980 MB / 可用 4944 MB

    [第2轮开始前] 服务端线程=12     WSL内存 已用 981 MB / 可用 4943 MB
  第2轮                        QPS 154.65    失败 40    P99 5017    
    [第2轮结束后] 服务端线程=12     WSL内存 已用 982 MB / 可用 4941 MB

    [第3轮开始前] 服务端线程=12     WSL内存 已用 983 MB / 可用 4940 MB
  第3轮                        QPS 149.37    失败 43    P99 5017    
    [第3轮结束后] 服务端线程=12     WSL内存 已用 982 MB / 可用 4942 MB

    [第4轮开始前] 服务端线程=12     WSL内存 已用 983 MB / 可用 4941 MB
  第4轮                        QPS 154.85    失败 41    P99 5012    
    [第4轮结束后] 服务端线程=12     WSL内存 已用 981 MB / 可用 4943 MB

=========== C. 每轮重启服务（/api/courses，keep-alive）===========
########## C. 每轮重启 /api/courses ##########
  （本轮已重启服务）
    [第1轮开始前] 服务端线程=12     WSL内存 已用 980 MB / 可用 4944 MB
  第1轮                        QPS 9365.99   失败 0     P99 10      
    [第1轮结束后] 服务端线程=12     WSL内存 已用 983 MB / 可用 4941 MB

  （本轮已重启服务）
    [第2轮开始前] 服务端线程=12     WSL内存 已用 981 MB / 可用 4944 MB
  第2轮                        QPS 9152.23   失败 0     P99 9       
    [第2轮结束后] 服务端线程=12     WSL内存 已用 981 MB / 可用 4943 MB

  （本轮已重启服务）
    [第3轮开始前] 服务端线程=12     WSL内存 已用 980 MB / 可用 4943 MB
  第3轮                        QPS 8816.11   失败 0     P99 9       
    [第3轮结束后] 服务端线程=12     WSL内存 已用 983 MB / 可用 4941 MB

  （本轮已重启服务）
    [第4轮开始前] 服务端线程=12     WSL内存 已用 981 MB / 可用 4943 MB
  第4轮                        QPS 9305.01   失败 0     P99 9       
    [第4轮结束后] 服务端线程=12     WSL内存 已用 981 MB / 可用 4943 MB

=========== D. 关闭 keep-alive（/api/courses）===========
########## D. 无 keep-alive /api/courses ##########
    [第1轮开始前] 服务端线程=12     WSL内存 已用 981 MB / 可用 4943 MB
  第1轮（无 keep-alive）    QPS 8198.29   失败 0     P99 3       
    [第1轮结束后] 服务端线程=12     WSL内存 已用 984 MB / 可用 4940 MB

    [第2轮开始前] 服务端线程=12     WSL内存 已用 985 MB / 可用 4939 MB
  第2轮（无 keep-alive）    QPS 13313.98  失败 0     P99 6       
    [第2轮结束后] 服务端线程=12     WSL内存 已用 985 MB / 可用 4940 MB

    [第3轮开始前] 服务端线程=12     WSL内存 已用 985 MB / 可用 4939 MB
  第3轮（无 keep-alive）    QPS 12694.54  失败 0     P99 6       
    [第3轮结束后] 服务端线程=12     WSL内存 已用 983 MB / 可用 4941 MB

    [第4轮开始前] 服务端线程=12     WSL内存 已用 985 MB / 可用 4939 MB
  第4轮（无 keep-alive）    QPS 12404.08  失败 0     P99 6       
    [第4轮结束后] 服务端线程=12     WSL内存 已用 984 MB / 可用 4939 MB


完成
